Status: 302
Errors: {"contacts.0.phone":["The contacts.0.phone field format is invalid."]}